Microchip MPLAB XC8 Compiler V2.30

Linker command line:

-W-3 --edf=C:\Program Files\Microchip\xc8\v2.30\pic\dat\en_msgs.txt -cn \
  -h+dist/default/debug\Feed_Food_Water.X.debug.sym \
  --cmf=dist/default/debug\Feed_Food_Water.X.debug.cmf -z -Q18F4520 \
  -oC:\Users\richa\AppData\Local\Temp\sf54x2 --defsym=__MPLAB_BUILD=1 \
  -Mdist/default/debug/Feed_Food_Water.X.debug.map -E1 -ver=XC8 Compiler \
  --acfsm=1493 -ASTACK=028Eh-05FFh -pstack=STACK -ACODE=00h-07FFFh \
  -ACONST=00h-07FFFh -ASMALLCONST=0600h-06FFhx122 \
  -AMEDIUMCONST=0600h-07FFFh -ACOMRAM=01h-07Fh -AABS1=00h-05FFh \
  -ABIGRAM=01h-05FFh -ARAM=080h-0FFh,0100h-01FFhx5 -ABANK0=080h-0FFh \
  -ABANK1=0100h-01FFh -ABANK2=0200h-02FFh -ABANK3=0300h-03FFh \
  -ABANK4=0400h-04FFh -ABANK5=0500h-05FFh -ASFR=0F80h-0FFFh \
  -ACONFIG=0300000h-030000Dh -AIDLOC=0200000h-0200007h \
  -AEEDATA=0F00000h-0F000FFh -peeprom_data=EEDATA \
  -preset_vec=00h,intcode=08h,intcodelo=018h,powerup,init -pramtop=0600h \
  -psmallconst=SMALLCONST -pmediumconst=MEDIUMCONST -pconst=CONST \
  -AFARRAM=00h-00h \
  -prdata=COMRAM,nvrram=COMRAM,nvbit=COMRAM,rbss=COMRAM,rbit=COMRAM \
  -pfarbss=FARRAM,fardata=FARRAM,nvFARRAM=FARRAM \
  -pintsave_regs=BIGRAM,bigbss=BIGRAM,bigdata=BIGRAM -pbss=RAM \
  -pidata=CODE,irdata=CODE,ibigdata=CODE,ifardata=CODE -prparam=COMRAM \
  C:\Users\richa\AppData\Local\Temp\sf54xd.o \
  dist/default/debug\Feed_Food_Water.X.debug.o 

Object code version is 3.11

Machine type is 18F4520



                Name                               Link     Load   Length Selector   Space Scale
C:\Users\richa\AppData\Local\Temp\sf54xd.o
                idloc                            200000   200000        8        0       5
                config                           300000   300000        E        0       4
                init                                 6C       6C        4        C       0
                reset_vec                             0        0        4        0       0
dist/default/debug\Feed_Food_Water.X.debug.o
                intcodelo                            18       18       54        C       0
                intcode                               8        8        6        4       0
                idloc                            200000   200000        8        0       5
                config                           300000   300000        E        0       4
                temp                                 6E       6E        1        1       1
                smallconst                          600      600       9A      300       0
                intcode_body                       612E     612E       F2      34D       0
                text50                             6C8C     6C8C       16      34D       0
                text49                             65F6     65F6       B0      34D       0
                text48                             69F6     69F6       44      34D       0
                text46                             6B5A     6B5A       36      34D       0
                text45                             6C76     6C76       16      34D       0
                text44                             6CBE     6CBE        2      34D       0
                text43                             6CB4     6CB4        8      34D       0
                text42                             6CAC     6CAC        8      34D       0
                text41                             6C3E     6C3E       22      34D       0
                text40                             6C60     6C60       16      34D       0
                text39                             6922     6922       4A      34D       0
                text38                             6A3A     6A3A       42      34D       0
                text37                             6CA2     6CA2        A      34D       0
                text36                             63C0     63C0       C4      34D       0
                text35                             5E24     5E24      108      34D       0
                text34                             4F40     4F40      39C      34D       0
                text33                             6AEC     6AEC       38      34D       0
                text32                             41EA     41EA      4C0      34D       0
                text31                             696C     696C       46      34D       0
                text30                             5AE0     5AE0      1B4      34D       0
                text29                             6B90     6B90       34      34D       0
                text28                             4B16     4B16      42A      34D       0
                text27                             52DC     52DC      234      34D       0
                text26                             5F2C     5F2C      104      34D       0
                text25                             6C1C     6C1C       22      34D       0
                text24                             3D28     3D28      4C2      34D       0
                text23                              69A      69A     2A0E      34D       0
                text22                             681A     681A       5C      34D       0
                text21                             5912     5912      1CE      34D       0
                text20                             6BF6     6BF6       26      34D       0
                text19                             6AB4     6AB4       38      34D       0
                text18                             68D0     68D0       52      34D       0
                text17                             5C94     5C94      190      34D       0
                text16                             6546     6546       B0      34D       0
                text15                             66A6     66A6       AA      34D       0
                text14                             6030     6030       FE      34D       0
                text13                             5510     5510      216      34D       0
                text12                             6CBC     6CBC        2      34D       0
                text11                             62F6     62F6       CA      34D       0
                text10                             69B2     69B2       44      34D       0
                text9                              6B24     6B24       36      34D       0
                text8                              6484     6484       C2      34D       0
                text7                              6A7C     6A7C       38      34D       0
                text6                              67BA     67BA       60      34D       0
                text5                              30A8     30A8      C80      34D       0
                text4                              6220     6220       D6      34D       0
                text3                              46AA     46AA      46C      34D       0
                text2                              6750     6750       6A      34D       0
                text1                              6876     6876       5A      34D       0
                text0                              5726     5726      1EC      34D       0
                cstackCOMRAM                          1        1       5D        1       1
                cstackBANK0                          80       80       7F       80       1
                cstackBANK1                         100      100       F4      100       1
                cstackBANK2                         280      280        E      200       1
                bssBANK2                            200      200       80      200       1
                bssBANK1                            1F4      1F4        8      100       1
                bssCOMRAM                            5E       5E       10        1       1
                cinit                              6BC4     6BC4       32      34D       0

TOTAL           Name                               Link     Load   Length     Space
        CLASS   STACK          

        CLASS   CODE           
                intcodelo                            18       18       54         0
                intcode                               8        8        6         0
                init                                 6C       6C        4         0
                reset_vec                             0        0        4         0
                intcode_body                       612E     612E       F2         0
                text50                             6C8C     6C8C       16         0
                text49                             65F6     65F6       B0         0
                text48                             69F6     69F6       44         0
                text46                             6B5A     6B5A       36         0
                text45                             6C76     6C76       16         0
                text44                             6CBE     6CBE        2         0
                text43                             6CB4     6CB4        8         0
                text42                             6CAC     6CAC        8         0
                text41                             6C3E     6C3E       22         0
                text40                             6C60     6C60       16         0
                text39                             6922     6922       4A         0
                text38                             6A3A     6A3A       42         0
                text37                             6CA2     6CA2        A         0
                text36                             63C0     63C0       C4         0
                text35                             5E24     5E24      108         0
                text34                             4F40     4F40      39C         0
                text33                             6AEC     6AEC       38         0
                text32                             41EA     41EA      4C0         0
                text31                             696C     696C       46         0
                text30                             5AE0     5AE0      1B4         0
                text29                             6B90     6B90       34         0
                text28                             4B16     4B16      42A         0
                text27                             52DC     52DC      234         0
                text26                             5F2C     5F2C      104         0
                text25                             6C1C     6C1C       22         0
                text24                             3D28     3D28      4C2         0
                text23                              69A      69A     2A0E         0
                text22                             681A     681A       5C         0
                text21                             5912     5912      1CE         0
                text20                             6BF6     6BF6       26         0
                text19                             6AB4     6AB4       38         0
                text18                             68D0     68D0       52         0
                text17                             5C94     5C94      190         0
                text16                             6546     6546       B0         0
                text15                             66A6     66A6       AA         0
                text14                             6030     6030       FE         0
                text13                             5510     5510      216         0
                text12                             6CBC     6CBC        2         0
                text11                             62F6     62F6       CA         0
                text10                             69B2     69B2       44         0
                text9                              6B24     6B24       36         0
                text8                              6484     6484       C2         0
                text7                              6A7C     6A7C       38         0
                text6                              67BA     67BA       60         0
                text5                              30A8     30A8      C80         0
                text4                              6220     6220       D6         0
                text3                              46AA     46AA      46C         0
                text2                              6750     6750       6A         0
                text1                              6876     6876       5A         0
                text0                              5726     5726      1EC         0
                cinit                              6BC4     6BC4       32         0

        CLASS   CONST          

        CLASS   SMALLCONST     
                smallconst                          600      600       9A         0

        CLASS   MEDIUMCONST    

        CLASS   COMRAM         
                temp                                 6E       6E        1         1
                cstackCOMRAM                          1        1       5D         1
                bssCOMRAM                            5E       5E       10         1

        CLASS   ABS1           

        CLASS   BIGRAM         

        CLASS   RAM            

        CLASS   BANK0          
                cstackBANK0                          80       80       7F         1

        CLASS   BANK1          
                cstackBANK1                         100      100       F4         1
                bssBANK1                            1F4      1F4        8         1

        CLASS   BANK2          
                cstackBANK2                         280      280        E         1
                bssBANK2                            200      200       80         1

        CLASS   BANK3          

        CLASS   BANK4          

        CLASS   BANK5          

        CLASS   SFR            

        CLASS   CONFIG         
                config                           300000   300000        E         4

        CLASS   IDLOC          
                idloc                            200000   200000        8         5

        CLASS   EEDATA         

        CLASS   FARRAM         



SEGMENTS        Name                           Load    Length   Top    Selector   Space  Class

                reset_vec                      000000  000004  000004         0       0  CODE    
                cstackCOMRAM                   000001  00006E  00006F         1       1  COMRAM  
                intcode                        000008  000006  00000E         4       0  CODE    
                intcodelo                      000018  000058  000070         C       0  CODE    
                cstackBANK0                    000080  00007F  0000FF        80       1  BANK0   
                cstackBANK1                    000100  0000FC  0001FC       100       1  BANK1   
                bssBANK2                       000200  00008E  00028E       200       1  BANK2   
                smallconst                     000600  00009A  00069A       300       0  SMALLCON
                text23                         00069A  006626  006CC0       34D       0  CODE    


UNUSED ADDRESS RANGES

        Name                Unused          Largest block    Delta
        BANK0            0000FF-0000FF                1
        BANK1            0001FC-0001FF                4
        BANK2            00028E-0002FF               72
        BANK3            000300-0003FF              100
        BANK4            000400-0004FF              100
        BANK5            000500-0005FF              100
        BIGRAM           00006F-00007F               11
                         0000FF-0000FF                1
                         0001FC-0001FF                4
                         00028E-0005FF              372
        CODE             000004-000007                4
                         00000E-000017                A
                         000070-0005FF              590
                         006CC0-007FFF             1340
        COMRAM           00006F-00007F               11
        CONST            000004-000007                4
                         00000E-000017                A
                         000070-0005FF              590
                         006CC0-007FFF             1340
        EEDATA           F00000-F000FF              100
        MEDIUMCONST      006CC0-007FFF             1340
        RAM              0000FF-0000FF                1
                         0001FC-0001FF                4
                         00028E-0005FF              100
        SFR              000F80-000FFF               80
        SMALLCONST       006CC0-007FFF              100
        STACK            00028E-0005FF              372

                                  Symbol Table

?_ADC_Read                      cstackCOMRAM 000012
?_GetString                     cstackCOMRAM 000012
?___awdiv                       cstackCOMRAM 000012
?___awmod                       cstackCOMRAM 000012
?___fladd                       cstackCOMRAM 000012
?___fldiv                       cstackCOMRAM 000047
?___flmul                       cstackCOMRAM 000026
?___flneg                       cstackCOMRAM 000012
?___flsub                       cstackCOMRAM 00003F
?___fltol                       cstackBANK0  0000B9
?___fpclassifyf                 cstackCOMRAM 000012
?___wmul                        cstackCOMRAM 000012
?___xxtofl                      cstackCOMRAM 000018
?_atoi                          cstackCOMRAM 000019
?_efgtoa                        cstackBANK0  0000C1
?_fabsf                         cstackCOMRAM 000012
?_floorf                        cstackCOMRAM 000053
?_isdigit                       cstackCOMRAM 000012
?_isspace                       cstackCOMRAM 000012
?_isupper                       cstackCOMRAM 000012
?_nanf                          cstackCOMRAM 000012
?_pad                           cstackCOMRAM 000022
?_powf                          cstackBANK0  0000A8
?_scalbnf                       cstackCOMRAM 00003F
?_sprintf                       cstackBANK2  000286
?_sqrtf                         cstackCOMRAM 000053
?_strlen                        cstackCOMRAM 000012
?_strncmp                       cstackCOMRAM 000012
?_tolower                       cstackCOMRAM 000018
?_vfpfcnvrt                     cstackBANK0  0000CD
?_vfprintf                      cstackBANK2  000280
?i1___awmod                     cstackCOMRAM 000007
ADC_Read@channel                cstackCOMRAM 000012
ADC_Read@digital                cstackCOMRAM 000016
ClearBuffer@i                   cstackCOMRAM 000012
UART_Write@data                 cstackCOMRAM 000007
_ADCON0bits                     (abs)        000FC2
_ADCON1                         (abs)        000FC1
_ADCON2bits                     (abs)        000FC0
_ADC_Initialize                 text45       006C76
_ADC_Read                       text46       006B5A
_ADFM                           (abs)        007E07
_ADRESH                         (abs)        000FC4
_ADRESL                         (abs)        000FC3
_BAUDCONbits                    (abs)        000FB8
_CCP1CONbits                    (abs)        000FBD
_CCP1_Initialize                text44       006CBE
_CCP2CONbits                    (abs)        000FBA
_CCPR1L                         (abs)        000FBE
_CCPR2L                         (abs)        000FBB
_CREN                           (abs)        007D5C
_ClearBuffer                    text38       006A3A
_GetString                      text37       006CA2
_INTCONbits                     (abs)        000FF2
_INTERRUPT_Initialize           text43       006CB4
_IPR1bits                       (abs)        000F9F
_IRCF0                          (abs)        007E9C
_IRCF1                          (abs)        007E9D
_IRCF2                          (abs)        007E9E
_LATC                           (abs)        000F8B
_Lo_ISR                         intcodelo    000018
_MyusartRead                    text48       0069F6
_OSCILLATOR_Initialize          text42       006CAC
_PIE1bits                       (abs)        000F9D
_PIR1bits                       (abs)        000F9E
_PR2                            (abs)        000FCB
_RCIF                           (abs)        007CF5
_RCONbits                       (abs)        000FD0
_RCREG                          (abs)        000FAE
_RCSTAbits                      (abs)        000FAB
_SPBRG                          (abs)        000FAF
_SYSTEM_Initialize              text40       006C60
_T1CON                          (abs)        000FCD
_T1CONbits                      (abs)        000FCD
_T2CON                          (abs)        000FCA
_TMR1H                          (abs)        000FCF
_TMR1L                          (abs)        000FCE
_TRISA                          (abs)        000F92
_TRISC                          (abs)        000F94
_TRISCbits                      (abs)        000F94
_TXREG                          (abs)        000FAD
_TXSTAbits                      (abs)        000FAC
_UART_Initialize                text41       006C3E
_UART_Write                     text50       006C8C
__HRAM                          (abs)        000000
__Habs1                         abs1         000000
__Hbank0                        bank0        000000
__Hbank1                        bank1        000000
__Hbank2                        bank2        000000
__Hbank3                        bank3        000000
__Hbank4                        bank4        000000
__Hbank5                        bank5        000000
__Hbigbss                       bigbss       000000
__Hbigdata                      bigdata      000000
__Hbigram                       bigram       000000
__Hbss                          bss          000000
__HbssBANK1                     bssBANK1     000000
__HbssBANK2                     bssBANK2     000000
__HbssCOMRAM                    bssCOMRAM    000000
__Hcinit                        cinit        000000
__Hclrtext                      clrtext      000000
__Hcomram                       comram       000000
__Hconfig                       config       30000E
__Hconst                        const        000000
__HcstackBANK0                  cstackBANK0  000000
__HcstackBANK1                  cstackBANK1  000000
__HcstackBANK2                  cstackBANK2  000000
__HcstackCOMRAM                 cstackCOMRAM 000000
__Hdata                         data         000000
__Heeprom_data                  eeprom_data  000000
__Hfarbss                       farbss       000000
__Hfardata                      fardata      000000
__Hibigdata                     ibigdata     000000
__Hidata                        idata        000000
__Hidloc                        idloc        200008
__Hifardata                     ifardata     000000
__Hinit                         init         000070
__Hintcode                      intcode      00000E
__Hintcode_body                 intcode_body 000000
__Hintcodelo                    intcodelo    00006C
__Hintentry                     intentry     000000
__Hintret                       intret       000000
__Hintsave_regs                 intsave_regs 000000
__Hirdata                       irdata       000000
__Hmediumconst                  mediumconst  000000
__HnvFARRAM                     nvFARRAM     000000
__Hnvbit                        nvbit        000000
__Hnvrram                       nvrram       000000
__Hparam                        rparam       000000
__Hpowerup                      powerup      00006C
__Hram                          ram          000000
__Hramtop                       ramtop       000600
__Hrbit                         rbit         000000
__Hrbss                         rbss         000000
__Hrdata                        rdata        000000
__Hreset_vec                    reset_vec    000004
__Hrparam                       rparam       000000
__Hsfr                          sfr          000000
__Hsmallconst                   smallconst   00069A
__Hspace_0                      (abs)        006CC0
__Hspace_1                      (abs)        00028E
__Hspace_2                      (abs)        000000
__Hspace_4                      (abs)        60000E
__Hstack                        stack        000000
__Hstruct                       struct       000000
__Htemp                         temp         00006F
__Htext                         text         000000
__Htext0                        text0        000000
__Htext1                        text1        000000
__Htext10                       text10       000000
__Htext11                       text11       000000
__Htext12                       text12       000000
__Htext13                       text13       000000
__Htext14                       text14       000000
__Htext15                       text15       000000
__Htext16                       text16       000000
__Htext17                       text17       000000
__Htext18                       text18       000000
__Htext19                       text19       000000
__Htext2                        text2        000000
__Htext20                       text20       000000
__Htext21                       text21       000000
__Htext22                       text22       000000
__Htext23                       text23       000000
__Htext24                       text24       000000
__Htext25                       text25       000000
__Htext26                       text26       000000
__Htext27                       text27       000000
__Htext28                       text28       000000
__Htext29                       text29       000000
__Htext3                        text3        000000
__Htext30                       text30       000000
__Htext31                       text31       000000
__Htext32                       text32       000000
__Htext33                       text33       000000
__Htext34                       text34       000000
__Htext35                       text35       000000
__Htext36                       text36       000000
__Htext37                       text37       000000
__Htext38                       text38       000000
__Htext39                       text39       000000
__Htext4                        text4        000000
__Htext40                       text40       000000
__Htext41                       text41       000000
__Htext42                       text42       000000
__Htext43                       text43       000000
__Htext44                       text44       000000
__Htext45                       text45       000000
__Htext46                       text46       000000
__Htext48                       text48       000000
__Htext49                       text49       000000
__Htext5                        text5        000000
__Htext50                       text50       000000
__Htext6                        text6        000000
__Htext7                        text7        000000
__Htext8                        text8        000000
__Htext9                        text9        000000
__LRAM                          (abs)        000001
__Labs1                         abs1         000000
__Lbank0                        bank0        000000
__Lbank1                        bank1        000000
__Lbank2                        bank2        000000
__Lbank3                        bank3        000000
__Lbank4                        bank4        000000
__Lbank5                        bank5        000000
__Lbigbss                       bigbss       000000
__Lbigdata                      bigdata      000000
__Lbigram                       bigram       000000
__Lbss                          bss          000000
__LbssBANK1                     bssBANK1     000000
__LbssBANK2                     bssBANK2     000000
__LbssCOMRAM                    bssCOMRAM    000000
__Lcinit                        cinit        000000
__Lclrtext                      clrtext      000000
__Lcomram                       comram       000000
__Lconfig                       config       000000
__Lconst                        const        000000
__LcstackBANK0                  cstackBANK0  000000
__LcstackBANK1                  cstackBANK1  000000
__LcstackBANK2                  cstackBANK2  000000
__LcstackCOMRAM                 cstackCOMRAM 000000
__Ldata                         data         000000
__Leeprom_data                  eeprom_data  000000
__Lfarbss                       farbss       000000
__Lfardata                      fardata      000000
__Libigdata                     ibigdata     000000
__Lidata                        idata        000000
__Lidloc                        idloc        000000
__Lifardata                     ifardata     000000
__Linit                         init         00006C
__Lintcode                      intcode      000008
__Lintcode_body                 intcode_body 000000
__Lintcodelo                    intcodelo    000018
__Lintentry                     intentry     000000
__Lintret                       intret       000000
__Lintsave_regs                 intsave_regs 000000
__Lirdata                       irdata       000000
__Lmediumconst                  mediumconst  000000
__LnvFARRAM                     nvFARRAM     000000
__Lnvbit                        nvbit        000000
__Lnvrram                       nvrram       000000
__Lparam                        rparam       000000
__Lpowerup                      powerup      00006C
__Lram                          ram          000000
__Lramtop                       ramtop       000600
__Lrbit                         rbit         000000
__Lrbss                         rbss         000000
__Lrdata                        rdata        000000
__Lreset_vec                    reset_vec    000000
__Lrparam                       rparam       000000
__Lsfr                          sfr          000000
__Lsmallconst                   smallconst   000600
__Lspace_0                      (abs)        000000
__Lspace_1                      (abs)        000000
__Lspace_2                      (abs)        000000
__Lspace_4                      (abs)        000000
__Lstack                        stack        000000
__Lstruct                       struct       000000
__Ltemp                         temp         00006E
__Ltext                         text         000000
__Ltext0                        text0        000000
__Ltext1                        text1        000000
__Ltext10                       text10       000000
__Ltext11                       text11       000000
__Ltext12                       text12       000000
__Ltext13                       text13       000000
__Ltext14                       text14       000000
__Ltext15                       text15       000000
__Ltext16                       text16       000000
__Ltext17                       text17       000000
__Ltext18                       text18       000000
__Ltext19                       text19       000000
__Ltext2                        text2        000000
__Ltext20                       text20       000000
__Ltext21                       text21       000000
__Ltext22                       text22       000000
__Ltext23                       text23       000000
__Ltext24                       text24       000000
__Ltext25                       text25       000000
__Ltext26                       text26       000000
__Ltext27                       text27       000000
__Ltext28                       text28       000000
__Ltext29                       text29       000000
__Ltext3                        text3        000000
__Ltext30                       text30       000000
__Ltext31                       text31       000000
__Ltext32                       text32       000000
__Ltext33                       text33       000000
__Ltext34                       text34       000000
__Ltext35                       text35       000000
__Ltext36                       text36       000000
__Ltext37                       text37       000000
__Ltext38                       text38       000000
__Ltext39                       text39       000000
__Ltext4                        text4        000000
__Ltext40                       text40       000000
__Ltext41                       text41       000000
__Ltext42                       text42       000000
__Ltext43                       text43       000000
__Ltext44                       text44       000000
__Ltext45                       text45       000000
__Ltext46                       text46       000000
__Ltext48                       text48       000000
__Ltext49                       text49       000000
__Ltext5                        text5        000000
__Ltext50                       text50       000000
__Ltext6                        text6        000000
__Ltext7                        text7        000000
__Ltext8                        text8        000000
__Ltext9                        text9        000000
__S0                            (abs)        006CC0
__S1                            (abs)        00028E
__S2                            (abs)        000000
__S4                            (abs)        000000
__S5                            (abs)        000000
___awdiv                        text36       0063C0
___awdiv@counter                cstackCOMRAM 000016
___awdiv@dividend               cstackCOMRAM 000012
___awdiv@divisor                cstackCOMRAM 000014
___awdiv@quotient               cstackCOMRAM 000018
___awdiv@sign                   cstackCOMRAM 000017
___awmod                        text16       006546
___awmod@counter                cstackCOMRAM 000016
___awmod@dividend               cstackCOMRAM 000012
___awmod@divisor                cstackCOMRAM 000014
___awmod@sign                   cstackCOMRAM 000017
___fladd                        text32       0041EA
___fladd@a                      cstackCOMRAM 000016
___fladd@aexp                   cstackCOMRAM 00001F
___fladd@b                      cstackCOMRAM 000012
___fladd@bexp                   cstackCOMRAM 000020
___fladd@grs                    cstackCOMRAM 000021
___fladd@signs                  cstackCOMRAM 00001E
___fldiv                        text34       004F40
___fldiv@a                      cstackCOMRAM 00004B
___fldiv@aexp                   cstackBANK0  00008C
___fldiv@b                      cstackCOMRAM 000047
___fldiv@bexp                   cstackBANK0  00008B
___fldiv@grs                    cstackBANK0  000087
___fldiv@new_exp                cstackBANK0  000085
___fldiv@rem                    cstackBANK0  000080
___fldiv@sign                   cstackBANK0  000084
___fleq                         text15       0066A6
___fleq@ff1                     cstackCOMRAM 000012
___fleq@ff2                     cstackCOMRAM 000016
___flge                         text26       005F2C
___flge@ff1                     cstackCOMRAM 000047
___flge@ff2                     cstackCOMRAM 00004B
___flmul                        text28       004B16
___flmul@a                      cstackCOMRAM 00002A
___flmul@aexp                   cstackCOMRAM 000033
___flmul@b                      cstackCOMRAM 000026
___flmul@bexp                   cstackCOMRAM 000038
___flmul@grs                    cstackCOMRAM 000034
___flmul@prod                   cstackCOMRAM 000039
___flmul@sign                   cstackCOMRAM 000032
___flmul@temp                   cstackCOMRAM 00003D
___flneg                        text33       006AEC
___flneg@f1                     cstackCOMRAM 000012
___flsub                        text31       00696C
___flsub@a                      cstackCOMRAM 000043
___flsub@b                      cstackCOMRAM 00003F
___fltol                        text35       005E24
___fltol@exp1                   cstackCOMRAM 00005D
___fltol@f1                     cstackBANK0  0000B9
___fltol@sign1                  cstackCOMRAM 00005C
___fpclassifyf                  text14       006030
___fpclassifyf@F465             bssBANK1     0001F4
___fpclassifyf@e                cstackCOMRAM 00001A
___fpclassifyf@u                cstackCOMRAM 00001C
___fpclassifyf@x                cstackCOMRAM 000012
___inthi_sp                     stack        000000
___intlo_sp                     stack        000000
___param_bank                   (abs)        000000
___rparam_used                  (abs)        000001
___sp                           stack        000000
___wmul                         text20       006BF6
___wmul@multiplicand            cstackCOMRAM 000014
___wmul@multiplier              cstackCOMRAM 000012
___wmul@product                 cstackCOMRAM 000016
___xxtofl                       text30       005AE0
___xxtofl@arg                   cstackCOMRAM 000022
___xxtofl@exp                   cstackCOMRAM 000021
___xxtofl@sign                  cstackCOMRAM 000020
___xxtofl@val                   cstackCOMRAM 000018
__accesstop                     (abs)        000080
__activetblptr                  (abs)        000002
__end_of_ADC_Initialize         text45       006C8C
__end_of_ADC_Read               text46       006B90
__end_of_CCP1_Initialize        text44       006CC0
__end_of_ClearBuffer            text38       006A7C
__end_of_GetString              text37       006CAC
__end_of_INTERRUPT_Initialize   text43       006CBC
__end_of_L1                     smallconst   00065D
__end_of_L2                     smallconst   000659
__end_of_L3                     smallconst   000655
__end_of_L4                     smallconst   000651
__end_of_L5                     smallconst   00064D
__end_of_L6                     smallconst   000649
__end_of_Lo_ISR                 intcodelo    00006C
__end_of_MyusartRead            text48       006A3A
__end_of_OSCILLATOR_Initialize  text42       006CB4
__end_of_P1                     smallconst   000645
__end_of_P2                     smallconst   000641
__end_of_P3                     smallconst   00063D
__end_of_P4                     smallconst   000639
__end_of_P5                     smallconst   000635
__end_of_SYSTEM_Initialize      text40       006C76
__end_of_UART_Initialize        text41       006C60
__end_of_UART_Write             text50       006CA2
__end_of___awdiv                text36       006484
__end_of___awmod                text16       0065F6
__end_of___fladd                text32       0046AA
__end_of___fldiv                text34       0052DC
__end_of___fleq                 text15       006750
__end_of___flge                 text26       006030
__end_of___flmul                text28       004F40
__end_of___flneg                text33       006B24
__end_of___flsub                text31       0069B2
__end_of___fltol                text35       005F2C
__end_of___fpclassifyf          text14       00612E
__end_of___wmul                 text20       006C1C
__end_of___xxtofl               text30       005C94
__end_of__initialization        cinit        006BE8
__end_of_atoi                   text17       005E24
__end_of_bp                     smallconst   000671
__end_of_cp                     smallconst   000621
__end_of_cp_h                   smallconst   00067D
__end_of_cp_l                   smallconst   000679
__end_of_delay                  text39       00696C
__end_of_dp_h                   smallconst   000611
__end_of_dp_l                   smallconst   000609
__end_of_efgtoa                 text5        003D28
__end_of_fabsf                  text29       006BC4
__end_of_floorf                 text13       005726
__end_of_fputc                  text11       0063C0
__end_of_fputs                  text10       0069F6
__end_of_huge                   smallconst   000665
__end_of_isdigit                text19       006AEC
__end_of_isspace                text18       006922
__end_of_isupper                text7        006AB4
__end_of_ivln2                  smallconst   00061D
__end_of_ivln2_h                smallconst   000675
__end_of_ivln2_l                smallconst   000619
__end_of_lg2                    smallconst   000631
__end_of_lg2_h                  smallconst   00062D
__end_of_lg2_l                  smallconst   000629
__end_of_main                   text0        005912
__end_of_my_isr_routine         intcode_body 006220
__end_of_nanf                   text25       006C3E
__end_of_ovt                    smallconst   000625
__end_of_pad                    text8        006546
__end_of_powf                   text23       0030A8
__end_of_putch                  text12       006CBE
__end_of_scalbnf                text27       005510
__end_of_set_time               text21       005AE0
__end_of_sprintf                text1        0068D0
__end_of_sqrtf                  text24       0041EA
__end_of_strcpy                 text22       006876
__end_of_strlen                 text9        006B5A
__end_of_strncmp                text4        0062F6
__end_of_tiny                   smallconst   000661
__end_of_tiny@sqrtf$F1715       smallconst   000615
__end_of_tolower                text6        00681A
__end_of_two24                  smallconst   000669
__end_of_vfpfcnvrt              text3        004B16
__end_of_vfprintf               text2        0067BA
__end_ofi1___awmod              text49       0066A6
__initialization                cinit        006BC4
__mediumconst                   mediumconst  000000
__pbssBANK1                     bssBANK1     0001F4
__pbssBANK2                     bssBANK2     000200
__pbssCOMRAM                    bssCOMRAM    00005E
__pcinit                        cinit        006BC4
__pcstackBANK0                  cstackBANK0  000080
__pcstackBANK1                  cstackBANK1  000100
__pcstackBANK2                  cstackBANK2  000280
__pcstackCOMRAM                 cstackCOMRAM 000001
__pintcode                      intcode      000008
__pintcode_body                 intcode_body 00612E
__pintcodelo                    intcodelo    000018
__psmallconst                   smallconst   000600
__ptext0                        text0        005726
__ptext1                        text1        006876
__ptext10                       text10       0069B2
__ptext11                       text11       0062F6
__ptext12                       text12       006CBC
__ptext13                       text13       005510
__ptext14                       text14       006030
__ptext15                       text15       0066A6
__ptext16                       text16       006546
__ptext17                       text17       005C94
__ptext18                       text18       0068D0
__ptext19                       text19       006AB4
__ptext2                        text2        006750
__ptext20                       text20       006BF6
__ptext21                       text21       005912
__ptext22                       text22       00681A
__ptext23                       text23       00069A
__ptext24                       text24       003D28
__ptext25                       text25       006C1C
__ptext26                       text26       005F2C
__ptext27                       text27       0052DC
__ptext28                       text28       004B16
__ptext29                       text29       006B90
__ptext3                        text3        0046AA
__ptext30                       text30       005AE0
__ptext31                       text31       00696C
__ptext32                       text32       0041EA
__ptext33                       text33       006AEC
__ptext34                       text34       004F40
__ptext35                       text35       005E24
__ptext36                       text36       0063C0
__ptext37                       text37       006CA2
__ptext38                       text38       006A3A
__ptext39                       text39       006922
__ptext4                        text4        006220
__ptext40                       text40       006C60
__ptext41                       text41       006C3E
__ptext42                       text42       006CAC
__ptext43                       text43       006CB4
__ptext44                       text44       006CBE
__ptext45                       text45       006C76
__ptext46                       text46       006B5A
__ptext48                       text48       0069F6
__ptext49                       text49       0065F6
__ptext5                        text5        0030A8
__ptext50                       text50       006C8C
__ptext6                        text6        0067BA
__ptext7                        text7        006A7C
__ptext8                        text8        006484
__ptext9                        text9        006B24
__ramtop                        ramtop       000600
__size_of_ADC_Initialize        (abs)        000000
__size_of_ADC_Read              (abs)        000000
__size_of_CCP1_Initialize       (abs)        000000
__size_of_ClearBuffer           (abs)        000000
__size_of_GetString             (abs)        000000
__size_of_INTERRUPT_Initialize  (abs)        000000
__size_of_Lo_ISR                (abs)        000000
__size_of_MyusartRead           (abs)        000000
__size_of_OSCILLATOR_Initialize (abs)        000000
__size_of_SYSTEM_Initialize     (abs)        000000
__size_of_UART_Initialize       (abs)        000000
__size_of_UART_Write            (abs)        000000
__size_of___awdiv               (abs)        000000
__size_of___awmod               (abs)        000000
__size_of___fladd               (abs)        000000
__size_of___fldiv               (abs)        000000
__size_of___fleq                (abs)        000000
__size_of___flge                (abs)        000000
__size_of___flmul               (abs)        000000
__size_of___flneg               (abs)        000000
__size_of___flsub               (abs)        000000
__size_of___fltol               (abs)        000000
__size_of___fpclassifyf         (abs)        000000
__size_of___wmul                (abs)        000000
__size_of___xxtofl              (abs)        000000
__size_of_atoi                  (abs)        000000
__size_of_delay                 (abs)        000000
__size_of_efgtoa                (abs)        000000
__size_of_fabsf                 (abs)        000000
__size_of_floorf                (abs)        000000
__size_of_fputc                 (abs)        000000
__size_of_fputs                 (abs)        000000
__size_of_isdigit               (abs)        000000
__size_of_isspace               (abs)        000000
__size_of_isupper               (abs)        000000
__size_of_main                  (abs)        000000
__size_of_my_isr_routine        (abs)        000000
__size_of_nanf                  (abs)        000000
__size_of_pad                   (abs)        000000
__size_of_powf                  (abs)        000000
__size_of_putch                 (abs)        000000
__size_of_scalbnf               (abs)        000000
__size_of_set_time              (abs)        000000
__size_of_sprintf               (abs)        000000
__size_of_sqrtf                 (abs)        000000
__size_of_strcpy                (abs)        000000
__size_of_strlen                (abs)        000000
__size_of_strncmp               (abs)        000000
__size_of_tolower               (abs)        000000
__size_of_vfpfcnvrt             (abs)        000000
__size_of_vfprintf              (abs)        000000
__size_ofi1___awmod             (abs)        000000
__smallconst                    smallconst   000600
_atoi                           text17       005C94
_atoi$1526                      cstackCOMRAM 000021
_atoi$1527                      cstackCOMRAM 000025
_atoi$1528                      cstackCOMRAM 000023
_bp                             smallconst   000669
_count                          bssCOMRAM    000066
_dbuf                           bssBANK2     000208
_delay                          text39       006922
_delay_cycle                    bssCOMRAM    000068
_dp_h                           smallconst   000609
_dp_l                           smallconst   000601
_efgtoa                         text5        0030A8
_efgtoa$1462                    cstackBANK1  0001BC
_efgtoa$1463                    cstackBANK1  0001BE
_efgtoa$1468                    cstackBANK1  0001C0
_efgtoa$1472                    cstackBANK1  0001C2
_efgtoa$1473                    cstackBANK1  0001C4
_efgtoa$1474                    cstackBANK1  0001C6
_errno                          bssBANK1     0001F8
_fabsf                          text29       006B90
_flags                          bssCOMRAM    000062
_floorf                         text13       005510
_fputc                          text11       0062F6
_fputs                          text10       0069B2
_in                             bssCOMRAM    000064
_isdigit                        text19       006AB4
_isspace                        text18       0068D0
_isspace$1557                   cstackCOMRAM 000018
_isupper                        text7        006A7C
_lenStr                         bssCOMRAM    00006C
_main                           text0        005726
_my_isr_routine                 intcode      000008
_mystring                       bssBANK2     00026C
_nanf                           text25       006C1C
_nout                           bssBANK1     0001FA
_pad                            text8        006484
_powf                           text23       00069A
_powf$1982                      cstackBANK1  0001A4
_powf$1983                      cstackBANK1  000154
_powf$1984                      cstackBANK1  000148
_powf$1985                      cstackBANK1  000198
_powf$1986                      cstackBANK1  000138
_powf$1987                      cstackBANK1  000100
_powf$1988                      cstackBANK1  000104
_powf$1989                      cstackBANK1  000158
_powf$1990                      cstackBANK1  00013C
_powf$1991                      cstackBANK1  000140
_powf$1992                      cstackBANK1  000108
_powf$1993                      cstackBANK1  00010C
_powf$1994                      cstackBANK1  000110
_powf$1995                      cstackBANK1  000114
_powf$1996                      cstackBANK1  000118
_prec                           bssCOMRAM    000060
_putch                          text12       006CBC
_scalbnf                        text27       0052DC
_set_time                       text21       005912
_set_time$1980                  cstackBANK0  0000C5
_set_time$1981                  cstackBANK0  0000C9
_sprintf                        text1        006876
_sqrtf                          text24       003D28
_str                            bssBANK2     000258
_strcpy                         text22       00681A
_strlen                         text9        006B24
_strncmp                        text4        006220
_time                           bssCOMRAM    00006A
_tolower                        text6        0067BA
_tolower$1764                   cstackCOMRAM 00001E
_vfpfcnvrt                      text3        0046AA
_vfpfcnvrt$1488                 cstackBANK0  0000D7
_vfpfcnvrt$1492                 cstackBANK0  0000D9
_vfprintf                       text2        006750
_width                          bssCOMRAM    00005E
atoi@n                          cstackCOMRAM 000026
atoi@neg                        cstackCOMRAM 00001F
atoi@s                          cstackCOMRAM 000019
btemp                           temp         00006E
delay@i                         cstackCOMRAM 000014
delay@j                         cstackCOMRAM 000016
delay@val                       cstackCOMRAM 000012
efgtoa@c                        cstackBANK0  0000C7
efgtoa@d                        cstackBANK1  0001D4
efgtoa@e                        cstackBANK1  0001EC
efgtoa@f                        cstackBANK0  0000C3
efgtoa@fp                       cstackBANK0  0000C1
efgtoa@g                        cstackBANK1  0001E8
efgtoa@h                        cstackBANK1  0001DE
efgtoa@i                        cstackBANK1  0001E6
efgtoa@l                        cstackBANK1  0001E2
efgtoa@m                        cstackBANK1  0001CE
efgtoa@mode                     cstackBANK1  0001DD
efgtoa@n                        cstackBANK1  0001EE
efgtoa@ne                       cstackBANK1  0001CC
efgtoa@nmode                    cstackBANK1  0001DC
efgtoa@ou                       cstackBANK1  0001D0
efgtoa@p                        cstackBANK1  0001D8
efgtoa@pp                       cstackBANK1  0001CA
efgtoa@sign                     cstackBANK1  0001D6
efgtoa@t                        cstackBANK1  0001C8
efgtoa@u                        cstackBANK1  0001F0
efgtoa@w                        cstackBANK1  0001DA
end_of_initialization           cinit        006BE8
fabsf@F465                      bssBANK2     000200
fabsf@u                         cstackCOMRAM 000016
fabsf@x                         cstackCOMRAM 000012
floorf@F527                     bssBANK2     000204
floorf@e                        cstackBANK0  000091
floorf@m                        cstackBANK0  00008D
floorf@u                        cstackBANK0  000093
floorf@x                        cstackCOMRAM 000053
fputc@c                         cstackCOMRAM 000012
fputc@fp                        cstackCOMRAM 000014
fputs@c                         cstackCOMRAM 00001F
fputs@fp                        cstackCOMRAM 00001D
fputs@i                         cstackCOMRAM 000020
fputs@s                         cstackCOMRAM 00001B
i1___awmod                      text49       0065F6
i1___awmod@counter              cstackCOMRAM 00000B
i1___awmod@dividend             cstackCOMRAM 000007
i1___awmod@divisor              cstackCOMRAM 000009
i1___awmod@sign                 cstackCOMRAM 00000C
int$flags                       temp         00006E
int_func                        intcode_body 00612E
intlevel0                       text         000000
intlevel1                       text         000000
intlevel2                       text         000000
intlevel3                       text         000000
isdigit@c                       cstackCOMRAM 000012
isspace@c                       cstackCOMRAM 000012
isupper@c                       cstackCOMRAM 000012
main@m2                         cstackBANK0  0000F1
main@n                          cstackBANK0  0000FB
my_isr_routine@counter          cstackCOMRAM 000003
my_isr_routine@i                cstackCOMRAM 000005
nanf@s                          cstackCOMRAM 000012
nanf@u                          cstackCOMRAM 000016
pad@buf                         cstackCOMRAM 000024
pad@fp                          cstackCOMRAM 000022
pad@i                           cstackCOMRAM 000029
pad@p                           cstackCOMRAM 000026
pad@w                           cstackCOMRAM 00002B
powf@__xc8_float_word           cstackBANK1  0001B8
powf@ax                         cstackBANK1  000170
powf@hx                         cstackBANK1  000160
powf@hy                         cstackBANK1  00017C
powf@i                          cstackBANK1  00012C
powf@is                         cstackBANK1  000194
powf@ix                         cstackBANK1  0001A8
powf@iy                         cstackBANK1  000190
powf@j                          cstackBANK1  0001AC
powf@k                          cstackBANK1  0001A0
powf@n                          cstackBANK1  000180
powf@p_h                        cstackBANK1  00019C
powf@p_l                        cstackBANK1  000164
powf@r                          cstackBANK1  00014C
powf@s                          cstackBANK1  00015C
powf@s2                         cstackBANK1  00018C
powf@s_h                        cstackBANK1  00016C
powf@s_l                        cstackBANK1  000130
powf@sn                         cstackBANK1  000188
powf@t                          cstackBANK1  0001B0
powf@t1                         cstackBANK1  000184
powf@t2                         cstackBANK1  00011C
powf@t_h                        cstackBANK1  000168
powf@t_l                        cstackBANK1  000134
powf@u                          cstackBANK1  000174
powf@v                          cstackBANK1  000178
powf@w                          cstackBANK1  000144
powf@x                          cstackBANK0  0000A8
powf@y                          cstackBANK0  0000AC
powf@y1                         cstackBANK1  000128
powf@yisint                     cstackBANK1  000150
powf@z                          cstackBANK1  0001B4
powf@z_h                        cstackBANK1  000120
powf@z_l                        cstackBANK1  000124
scalbnf@n                       cstackCOMRAM 000043
scalbnf@u                       cstackCOMRAM 000049
scalbnf@x                       cstackCOMRAM 00003F
scalbnf@y                       cstackCOMRAM 00004D
set_time@b                      cstackBANK0  0000CD
set_time@i                      cstackBANK0  0000D1
set_time@j                      cstackBANK0  0000CF
sprintf@ap                      cstackBANK0  0000E7
sprintf@f                       cstackBANK0  0000E9
sprintf@fmt                     cstackBANK2  000288
sprintf@s                       cstackBANK2  000286
sqrtf@__xc8_float_word          cstackBANK0  00008C
sqrtf@i                         cstackBANK0  000088
sqrtf@ix                        cstackBANK0  0000A4
sqrtf@m                         cstackBANK0  00009C
sqrtf@q                         cstackBANK0  000090
sqrtf@r                         cstackBANK0  0000A0
sqrtf@s                         cstackBANK0  000084
sqrtf@t                         cstackBANK0  000094
sqrtf@x                         cstackCOMRAM 000053
sqrtf@z                         cstackBANK0  000098
stackhi                         (abs)        0005FF
stacklo                         (abs)        00028E
start                           init         00006C
start_initialization            cinit        006BC4
strcpy@d                        cstackCOMRAM 00001C
strcpy@dest                     cstackCOMRAM 000014
strcpy@s                        cstackCOMRAM 00001A
strcpy@src                      cstackCOMRAM 000016
strlen@a                        cstackCOMRAM 000014
strlen@s                        cstackCOMRAM 000012
strncmp@_l                      cstackCOMRAM 000012
strncmp@_r                      cstackCOMRAM 000014
strncmp@l                       cstackCOMRAM 000019
strncmp@n                       cstackCOMRAM 000016
strncmp@r                       cstackCOMRAM 00001B
tolower@c                       cstackCOMRAM 000018
ttemp5                          temp         00006F
ttemp6                          temp         000072
ttemp7                          temp         000076
vfpfcnvrt@ap                    cstackBANK0  0000D1
vfpfcnvrt@c                     cstackBANK0  0000E2
vfpfcnvrt@ct                    cstackBANK0  0000DF
vfpfcnvrt@f                     cstackBANK0  0000DB
vfpfcnvrt@fmt                   cstackBANK0  0000CF
vfpfcnvrt@fp                    cstackBANK0  0000CD
vfprintf@ap                     cstackBANK2  000284
vfprintf@cfmt                   cstackBANK0  0000E3
vfprintf@fmt                    cstackBANK2  000282
vfprintf@fp                     cstackBANK2  000280
wtemp8                          temp         00006F


FUNCTION INFORMATION:

 *************** function _main *****************
 Defined at:
		line 117 in file "main.c"
 Parameters:    Size  Location     Type
		None
 Auto vars:     Size  Location     Type
  m2             10  113[BANK0 ] unsigned char [10]
  n               4  123[BANK0 ] float 
 Return value:  Size  Location     Type
                  1    wreg      void 
 Registers used:
		wreg, fsr1l, fsr1h, fsr2l, fsr2h, status,2, status,0, tblptrl, tblptrh, tblptru, prodl, prodh, cstack
 Tracked objects:
		On entry : 
		On exit  : 
		Unchanged: 
 Data sizes:     COMRAM   BANK0   BANK1   BANK2   BANK3   BANK4   BANK5
      Params:         0       0       0       0       0       0       0
      Locals:         0      14       0       0       0       0       0
      Temps:          0       2       0       0       0       0       0
      Totals:         0      16       0       0       0       0       0
Total ram usage:       16 bytes
 Hardware stack levels required when called:   12
 This function calls:
		_ADC_Read
		_ClearBuffer
		_GetString
		_SYSTEM_Initialize
		___flge
		___xxtofl
		_delay
		_set_time
		_sprintf
		_strcpy
 This function is called by:
		Startup code after reset
 This function uses a non-reentrant model


 *************** function _sprintf *****************
 Defined at:
		line 9 in file "C:\Program Files\Microchip\xc8\v2.30\pic\sources\c99\common\nf_sprintf.c"
 Parameters:    Size  Location     Type
  s               2    6[BANK2 ] PTR unsigned char 
		 -> main@m2(10), motor@m2(10), 
  fmt             2    8[BANK2 ] PTR const unsigned char 
		 -> STR_3(5), STR_1(5), 
 Auto vars:     Size  Location     Type
  f               6  105[BANK0 ] struct _IO_FILE
  ap              2  103[BANK0 ] PTR void [1]
		 -> ?_sprintf(2), 
  ret             2    0        int 
 Return value:  Size  Location     Type
                  2    6[BANK2 ] int 
 Registers used:
		wreg, fsr1l, fsr1h, fsr2l, fsr2h, status,2, status,0, tblptrl, tblptrh, tblptru, prodl, prodh, cstack
 Tracked objects:
		On entry : 
		On exit  : 
		Unchanged: 
 Data sizes:     COMRAM   BANK0   BANK1   BANK2   BANK3   BANK4   BANK5
      Params:         0       0       0       8       0       0       0
      Locals:         0      10       0       0       0       0       0
      Temps:          0       0       0       0       0       0       0
      Totals:         0      10       0       8       0       0       0
Total ram usage:       18 bytes
 Hardware stack levels used:    1
 Hardware stack levels required when called:   11
 This function calls:
		_vfprintf
 This function is called by:
		_main
		_motor
 This function uses a non-reentrant model


 *************** function _vfprintf *****************
 Defined at:
		line 1390 in file "C:\Program Files\Microchip\xc8\v2.30\pic\sources\c99\common\doprnt.c"
 Parameters:    Size  Location     Type
  fp              2    0[BANK2 ] PTR struct _IO_FILE
		 -> sprintf@f(6), 
  fmt             2    2[BANK2 ] PTR const unsigned char 
		 -> STR_3(5), STR_1(5), 
  ap              2    4[BANK2 ] PTR PTR void 
		 -> sprintf@ap(2), 
 Auto vars:     Size  Location     Type
  cfmt            2   99[BANK0 ] PTR unsigned char 
		 -> STR_3(5), STR_1(5), 
 Return value:  Size  Location     Type
                  2    0[BANK2 ] int 
 Registers used:
		wreg, fsr1l, fsr1h, fsr2l, fsr2h, status,2, status,0, tblptrl, tblptrh, tblptru, prodl, prodh, cstack
 Tracked objects:
		On entry : 
		On exit  : 
		Unchanged: 
 Data sizes:     COMRAM   BANK0   BANK1   BANK2   BANK3   BANK4   BANK5
      Params:         0       0       0       6       0       0       0
      Locals:         0       2       0       0       0       0       0
      Temps:          0       0       0       0       0       0       0
      Totals:         0       2       0       6       0       0       0
Total ram usage:        8 bytes
 Hardware stack levels used:    1
 Hardware stack levels required when called:   10
 This function calls:
		_vfpfcnvrt
 This function is called by:
		_sprintf
 This function uses a non-reentrant model


 *************** function _vfpfcnvrt *****************
 Defined at:
		line 692 in file "C:\Program Files\Microchip\xc8\v2.30\pic\sources\c99\common\doprnt.c"
 Parameters:    Size  Location     Type
  fp              2   77[BANK0 ] PTR struct _IO_FILE
		 -> sprintf@f(6), 
  fmt             2   79[BANK0 ] PTR PTR unsigned char 
		 -> vfprintf@cfmt(2), 
  ap              2   81[BANK0 ] PTR PTR void 
		 -> sprintf@ap(2), 
 Auto vars:     Size  Location     Type
  llu             8    0        unsigned long long 
  ll              8    0        long long 
  f               4   91[BANK0 ] long long 
  ct              3   95[BANK0 ] unsigned char [3]
  vp              3    0        PTR void 
  cp              3    0        PTR unsigned char 
  i               2    0        int 
  done            2    0        int 
  c               1   98[BANK0 ] unsigned char 
 Return value:  Size  Location     Type
                  2   77[BANK0 ] int 
 Registers used:
		wreg, fsr1l, fsr1h, fsr2l, fsr2h, status,2, status,0, tblptrl, tblptrh, tblptru, prodl, prodh, cstack
 Tracked objects:
		On entry : 
		On exit  : 
		Unchanged: 
 Data sizes:     COMRAM   BANK0   BANK1   BANK2   BANK3   BANK4   BANK5
      Params:         0       6       0       0       0       0       0
      Locals:         0      12       0       0       0       0       0
      Temps:          0       4       0       0       0       0       0
      Totals:         0      22       0       0       0       0       0
Total ram usage:       22 bytes
 Hardware stack levels used:    1
 Hardware stack levels required when called:    9
 This function calls:
		_atoi
		_efgtoa
		_fputc
		_isdigit
		_isupper
		_strncmp
		_tolower
 This function is called by:
		_vfprintf
 This function uses a non-reentrant model


 *************** function _strncmp *****************
 Defined at:
		line 3 in file "C:\Program Files\Microchip\xc8\v2.30\pic\sources\c99\common\strncmp.c"
 Parameters:    Size  Location     Type
  _l              2   17[COMRAM] PTR const unsigned char 
		 -> vfpfcnvrt@ct(3), 
  _r              2   19[COMRAM] PTR const unsigned char 
		 -> STR_14(3), 
  n               2   21[COMRAM] unsigned int 
 Auto vars:     Size  Location     Type
  r               2   26[COMRAM] PTR const unsigned char 
		 -> STR_14(3), 
  l               2   24[COMRAM] PTR const unsigned char 
		 -> vfpfcnvrt@ct(3), 
 Return value:  Size  Location     Type
                  2   17[COMRAM] int 
 Registers used:
		wreg, fsr2l, fsr2h, status,2, status,0, tblptrl, tblptrh, tblptru
 Tracked objects:
		On entry : 
		On exit  : 
		Unchanged: 
 Data sizes:     COMRAM   BANK0   BANK1   BANK2   BANK3   BANK4   BANK5
      Params:         6       0       0       0       0       0       0
      Locals:         4       0       0       0       0       0       0
      Temps:          1       0       0       0       0       0       0
      Totals:        11       0       0       0       0       0       0
Total ram usage:       11 bytes
 Hardware stack levels used:    1
 Hardware stack levels required when called:    4
 This function calls:
		Nothing
 This function is called by:
		_vfpfcnvrt
 This function uses a non-reentrant model


 *************** function _efgtoa *****************
 Defined at:
		line 332 in file "C:\Program Files\Microchip\xc8\v2.30\pic\sources\c99\common\doprnt.c"
 Parameters:    Size  Location     Type
  fp              2   65[BANK0 ] PTR struct _IO_FILE
		 -> sprintf@f(6), 
  f               4   67[BANK0 ] PTR struct _IO_FILE
  c               1   71[BANK0 ] unsigned char 
 Auto vars:     Size  Location     Type
  u               4  240[BANK1 ] unsigned char 
  g               4  232[BANK1 ] unsigned char 
  l               4  226[BANK1 ] unsigned char 
  h               4  222[BANK1 ] unsigned char 
  ou              4  208[BANK1 ] unsigned char 
  n               2  238[BANK1 ] int 
  e               2  236[BANK1 ] int 
  i               2  230[BANK1 ] int 
  w               2  218[BANK1 ] int 
  p               2  216[BANK1 ] int 
  sign            2  214[BANK1 ] int 
  d               2  212[BANK1 ] int 
  m               2  206[BANK1 ] int 
  ne              2  204[BANK1 ] int 
  pp              2  202[BANK1 ] int 
  t               2  200[BANK1 ] int 
  mode            1  221[BANK1 ] unsigned char 
  nmode           1  220[BANK1 ] unsigned char 
 Return value:  Size  Location     Type
                  2   65[BANK0 ] int 
 Registers used:
		wreg, fsr1l, fsr1h, fsr2l, fsr2h, status,2, status,0, tblptrl, tblptrh, tblptru, prodl, prodh, cstack
 Tracked objects:
		On entry : 
		On exit  : 
		Unchanged: 
 Data sizes:     COMRAM   BANK0   BANK1   BANK2   BANK3   BANK4   BANK5
      Params:         0       7       0       0       0       0       0
      Locals:         0       0      56       0       0       0       0
      Temps:          0       5       0       0       0       0       0
      Totals:         0      12      56       0       0       0       0
Total ram usage:       68 bytes
 Hardware stack levels used:    1
 Hardware stack levels required when called:    8
 This function calls:
		___awdiv
		___awmod
		___fladd
		___fldiv
		___fleq
		___flge
		___flmul
		___flneg
		___flsub
		___fltol
		___fpclassifyf
		_floorf
		_isupper
		_pad
		_strcpy
		_tolower
 This function is called by:
		_vfpfcnvrt
 This function uses a non-reentrant model


 *************** function _tolower *****************
 Defined at:
		line 4 in file "C:\Program Files\Microchip\xc8\v2.30\pic\sources\c99\common\tolower.c"
 Parameters:    Size  Location     Type
  c               2   23[COMRAM] int 
 Auto vars:     Size  Location     Type
		None
 Return value:  Size  Location     Type
                  2   23[COMRAM] int 
 Registers used:
		wreg, status,2, status,0
 Tracked objects:
		On entry : 
		On exit  : 
		Unchanged: 
 Data sizes:     COMRAM   BANK0   BANK1   BANK2   BANK3   BANK4   BANK5
      Params:         2       0       0       0       0       0       0
      Locals:         2       0       0       0       0       0       0
      Temps:          4       0       0       0       0       0       0
      Totals:         8       0       0       0       0       0       0
Total ram usage:        8 bytes
 Hardware stack levels used:    1
 Hardware stack levels required when called:    5
 This function calls:
		_isupper
 This function is called by:
		_efgtoa
		_vfpfcnvrt
 This function uses a non-reentrant model


 *************** function _isupper *****************
 Defined at:
		line 5 in file "C:\Program Files\Microchip\xc8\v2.30\pic\sources\c99\common\isupper.c"
 Parameters:    Size  Location     Type
  c               2   17[COMRAM] int 
 Auto vars:     Size  Location     Type
		None
 Return value:  Size  Location     Type
                  2   17[COMRAM] int 
 Registers used:
		wreg, status,2, status,0
 Tracked objects:
		On entry : 
		On exit  : 
		Unchanged: 
 Data sizes:     COMRAM   BANK0   BANK1   BANK2   BANK3   BANK4   BANK5
      Params:         2       0       0       0       0       0       0
      Locals:         0       0       0       0       0       0       0
      Temps:          4       0       0       0       0       0       0
      Totals:         6       0       0       0       0       0       0
Total ram usage:        6 bytes
 Hardware stack levels used:    1
 Hardware stack levels required when called:    4
 This function calls:
		Nothing
 This function is called by:
		_efgtoa
		_vfpfcnvrt
		_tolower
 This function uses a non-reentrant model


 *************** function _pad *****************
 Defined at:
		line 72 in file "C:\Program Files\Microchip\xc8\v2.30\pic\sources\c99\common\doprnt.c"
 Parameters:    Size  Location     Type
  fp              2   33[COMRAM] PTR struct _IO_FILE
		 -> sprintf@f(6), 
  buf             2   35[COMRAM] PTR unsigned char 
		 -> dbuf(80), 
  p               2   37[COMRAM] int 
 Auto vars:     Size  Location     Type
  w               2   42[COMRAM] int 
  i               2   40[COMRAM] int 
 Return value:  Size  Location     Type
                  2   33[COMRAM] int 
 Registers used:
		wreg, fsr1l, fsr1h, fsr2l, fsr2h, status,2, status,0, cstack
 Tracked objects:
		On entry : 
		On exit  : 
		Unchanged: 
 Data sizes:     COMRAM   BANK0   BANK1   BANK2   BANK3   BANK4   BANK5
      Params:         6       0       0       0       0       0       0
      Locals:         4       0       0       0       0       0       0
      Temps:          1       0       0       0       0       0       0
      Totals:        11       0       0       0       0       0       0
Total ram usage:       11 bytes
 Hardware stack levels used:    1
 Hardware stack levels required when called:    7
 This function calls:
		_fputc
		_fputs
		_strlen
 This function is called by:
		_efgtoa
 This function uses a non-reentrant model


 *************** function _strlen *****************
 Defined at:
		line 5 in file "C:\Program Files\Microchip\xc8\v2.30\pic\sources\c99\common\strlen.c"
 Parameters:    Size  Location     Type
  s               2   17[COMRAM] PTR const unsigned char 
		 -> dbuf(80), 
 Auto vars:     Size  Location     Type
  a               2   19[COMRAM] PTR const unsigned char 
		 -> dbuf(80), 
 Return value:  Size  Location     Type
                  2   17[COMRAM] unsigned int 
 Registers used:
		wreg, fsr2l, fsr2h, status,2, status,0
 Tracked objects:
		On entry : 
		On exit  : 
		Unchanged: 
 Data sizes:     COMRAM   BANK0   BANK1   BANK2   BANK3   BANK4   BANK5
      Params:         2       0       0       0       0       0       0
      Locals:         2       0       0       0       0       0       0
      Temps:          0       0       0       0       0       0       0
      Totals:         4       0       0       0       0       0       0
Total ram usage:        4 bytes
 Hardware stack levels used:    1
 Hardware stack levels required when called:    4
 This function calls:
		Nothing
 This function is called by:
		_pad
 This function uses a non-reentrant model


 *************** function _fputs *****************
 Defined at:
		line 8 in file "C:\Program Files\Microchip\xc8\v2.30\pic\sources\c99\common\nf_fputs.c"
 Parameters:    Size  Location     Type
  s               2   26[COMRAM] PTR const unsigned char 
		 -> dbuf(80), 
  fp              2   28[COMRAM] PTR struct _IO_FILE
		 -> sprintf@f(6), 
 Auto vars:     Size  Location     Type
  i               2   31[COMRAM] int 
  c               1   30[COMRAM] unsigned char 
 Return value:  Size  Location     Type
                  2   26[COMRAM] int 
 Registers used:
		wreg, fsr1l, fsr1h, fsr2l, fsr2h, status,2, status,0, cstack
 Tracked objects:
		On entry : 
		On exit  : 
		Unchanged: 
 Data sizes:     COMRAM   BANK0   BANK1   BANK2   BANK3   BANK4   BANK5
      Params:         4       0       0       0       0       0       0
      Locals:         3       0       0       0       0       0       0
      Temps:          0       0       0       0       0       0       0
      Totals:         7       0       0       0       0       0       0
Total ram usage:        7 bytes
 Hardware stack levels used:    1
 Hardware stack levels required when called:    6
 This function calls:
		_fputc
 This function is called by:
		_pad
 This function uses a non-reentrant model


 *************** function _fputc *****************
 Defined at:
		line 8 in file "C:\Program Files\Microchip\xc8\v2.30\pic\sources\c99\common\nf_fputc.c"
 Parameters:    Size  Location     Type
  c               2   17[COMRAM] int 
  fp              2   19[COMRAM] PTR struct _IO_FILE
		 -> sprintf@f(6), 
 Auto vars:     Size  Location     Type
		None
 Return value:  Size  Location     Type
                  2   17[COMRAM] int 
 Registers used:
		wreg, fsr1l, fsr1h, fsr2l, fsr2h, status,2, status,0, cstack
 Tracked objects:
		On entry : 
		On exit  : 
		Unchanged: 
 Data sizes:     COMRAM   BANK0   BANK1   BANK2   BANK3   BANK4   BANK5
      Params:         4       0       0       0       0       0       0
      Locals:         0       0       0       0       0       0       0
      Temps:          5       0       0       0       0       0       0
      Totals:         9       0       0       0       0       0       0
Total ram usage:        9 bytes
 Hardware stack levels used:    1
 Hardware stack levels required when called:    5
 This function calls:
		_putch
 This function is called by:
		_pad
		_vfpfcnvrt
		_fputs
 This function uses a non-reentrant model


 *************** function _putch *****************
 Defined at:
		line 7 in file "C:\Program Files\Microchip\xc8\v2.30\pic\sources\c99\common\putch.c"
 Parameters:    Size  Location     Type
  c               1    wreg     unsigned char 
 Auto vars:     Size  Location     Type
  c               1    0[COMRAM] unsigned char 
 Return value:  Size  Location     Type
                  1    wreg      void 
 Registers used:
		wreg
 Tracked objects:
		On entry : 
		On exit  : 
		Unchanged: 
 Data sizes:     COMRAM   BANK0   BANK1   BANK2   BANK3   BANK4   BANK5
      Params:         0       0       0       0       0       0       0
      Locals:         0       0       0       0       0       0       0
      Temps:          0       0       0       0       0       0       0
      Totals:         0       0       0       0       0       0       0
Total ram usage:        0 bytes
 Hardware stack levels used:    1
 Hardware stack levels required when called:    4
 This function calls:
		Nothing
 This function is called by:
		_fputc
 This function uses a non-reentrant model


 *************** function _floorf *****************
 Defined at:
		line 3 in file "C:\Program Files\Microchip\xc8\v2.30\pic\sources\c99\common\floorf.c"
 Parameters:    Size  Location     Type
  x               4   82[COMRAM] float 
 Auto vars:     Size  Location     Type
  u               4   19[BANK0 ] struct .
  m               4   13[BANK0 ] unsigned long 
  e               2   17[BANK0 ] int 
 Return value:  Size  Location     Type
                  4   82[COMRAM] float 
 Registers used:
		wreg, status,2, status,0
 Tracked objects:
		On entry : 
		On exit  : 
		Unchanged: 
 Data sizes:     COMRAM   BANK0   BANK1   BANK2   BANK3   BANK4   BANK5
      Params:         4       0       0       0       0       0       0
      Locals:         0      10       0       0       0       0       0
      Temps:          6       0       0       0       0       0       0
      Totals:        10      10       0       0       0       0       0
Total ram usage:       20 bytes
 Hardware stack levels used:    1
 Hardware stack levels required when called:    4
 This function calls:
		Nothing
 This function is called by:
		_efgtoa
 This function uses a non-reentrant model


 *************** function ___fpclassifyf *****************
 Defined at:
		line 4 in file "C:\Program Files\Microchip\xc8\v2.30\pic\sources\c99\common\__fpclassifyf.c"
 Parameters:    Size  Location     Type
  x               4   17[COMRAM] float 
 Auto vars:     Size  Location     Type
  u               4   27[COMRAM] struct .
  e               2   25[COMRAM] int 
 Return value:  Size  Location     Type
                  2   17[COMRAM] int 
 Registers used:
		wreg, status,2, status,0
 Tracked objects:
		On entry : 
		On exit  : 
		Unchanged: 
 Data sizes:     COMRAM   BANK0   BANK1   BANK2   BANK3   BANK4   BANK5
      Params:         4       0       0       0       0       0       0
      Locals:         6       0       0       0       0       0       0
      Temps:          4       0       0       0       0       0       0
      Totals:        14       0       0       0       0       0       0
Total ram usage:       14 bytes
 Hardware stack levels used:    1
 Hardware stack levels required when called:    4
 This function calls:
		Nothing
 This function is called by:
		_efgtoa
 This function uses a non-reentrant model


 *************** function ___fleq *****************
 Defined at:
		line 4 in file "C:\Program Files\Microchip\xc8\v2.30\pic\sources\c99\common\fleq.c"
 Parameters:    Size  Location     Type
  ff1             4   17[COMRAM] int 
  ff2             4   21[COMRAM] int 
 Auto vars:     Size  Location     Type
		None
 Return value:  Size  Location     Type
		None               void
 Registers used:
		wreg, status,2, status,0
 Tracked objects:
		On entry : 
		On exit  : 
		Unchanged: 
 Data sizes:     COMRAM   BANK0   BANK1   BANK2   BANK3   BANK4   BANK5
      Params:         8       0       0       0       0       0       0
      Locals:         0       0       0       0       0       0       0
      Temps:          4       0       0       0       0       0       0
      Totals:        12       0       0       0       0       0       0
Total ram usage:       12 bytes
 Hardware stack levels used:    1
 Hardware stack levels required when called:    4
[...]
      Totals:         0       0       0       0       0       0       0
Total ram usage:        0 bytes
 Hardware stack levels used:    1
 Hardware stack levels required when called:    4
 This function calls:
		Nothing
 This function is called by:
		_SYSTEM_Initialize
 This function uses a non-reentrant model


 *************** function _OSCILLATOR_Initialize *****************
 Defined at:
		line 73 in file "setting_hardaware/setting.c"
 Parameters:    Size  Location     Type
		None
 Auto vars:     Size  Location     Type
		None
 Return value:  Size  Location     Type
                  1    wreg      void 
 Registers used:
		None
 Tracked objects:
		On entry : 
		On exit  : 
		Unchanged: 
 Data sizes:     COMRAM   BANK0   BANK1   BANK2   BANK3   BANK4   BANK5
      Params:         0       0       0       0       0       0       0
      Locals:         0       0       0       0       0       0       0
      Temps:          0       0       0       0       0       0       0
      Totals:         0       0       0       0       0       0       0
Total ram usage:        0 bytes
 Hardware stack levels used:    1
 Hardware stack levels required when called:    4
 This function calls:
		Nothing
 This function is called by:
		_SYSTEM_Initialize
 This function uses a non-reentrant model


 *************** function _INTERRUPT_Initialize *****************
 Defined at:
		line 3 in file "setting_hardaware/interrupt_manager.c"
 Parameters:    Size  Location     Type
		None
 Auto vars:     Size  Location     Type
		None
 Return value:  Size  Location     Type
                  1    wreg      void 
 Registers used:
		None
 Tracked objects:
		On entry : 
		On exit  : 
		Unchanged: 
 Data sizes:     COMRAM   BANK0   BANK1   BANK2   BANK3   BANK4   BANK5
      Params:         0       0       0       0       0       0       0
      Locals:         0       0       0       0       0       0       0
      Temps:          0       0       0       0       0       0       0
      Totals:         0       0       0       0       0       0       0
Total ram usage:        0 bytes
 Hardware stack levels used:    1
 Hardware stack levels required when called:    4
 This function calls:
		Nothing
 This function is called by:
		_SYSTEM_Initialize
 This function uses a non-reentrant model


 *************** function _CCP1_Initialize *****************
 Defined at:
		line 3 in file "setting_hardaware/ccp1.c"
 Parameters:    Size  Location     Type
		None
 Auto vars:     Size  Location     Type
		None
 Return value:  Size  Location     Type
                  1    wreg      void 
 Registers used:
		None
 Tracked objects:
		On entry : 
		On exit  : 
		Unchanged: 
 Data sizes:     COMRAM   BANK0   BANK1   BANK2   BANK3   BANK4   BANK5
      Params:         0       0       0       0       0       0       0
      Locals:         0       0       0       0       0       0       0
      Temps:          0       0       0       0       0       0       0
      Totals:         0       0       0       0       0       0       0
Total ram usage:        0 bytes
 Hardware stack levels used:    1
 Hardware stack levels required when called:    4
 This function calls:
		Nothing
 This function is called by:
		_SYSTEM_Initialize
 This function uses a non-reentrant model


 *************** function _ADC_Initialize *****************
 Defined at:
		line 3 in file "setting_hardaware/adc.c"
 Parameters:    Size  Location     Type
		None
 Auto vars:     Size  Location     Type
		None
 Return value:  Size  Location     Type
                  1    wreg      void 
 Registers used:
		wreg, status,2
 Tracked objects:
		On entry : 
		On exit  : 
		Unchanged: 
 Data sizes:     COMRAM   BANK0   BANK1   BANK2   BANK3   BANK4   BANK5
      Params:         0       0       0       0       0       0       0
      Locals:         0       0       0       0       0       0       0
      Temps:          0       0       0       0       0       0       0
      Totals:         0       0       0       0       0       0       0
Total ram usage:        0 bytes
 Hardware stack levels used:    1
 Hardware stack levels required when called:    4
 This function calls:
		Nothing
 This function is called by:
		_SYSTEM_Initialize
 This function uses a non-reentrant model


 *************** function _ADC_Read *****************
 Defined at:
		line 13 in file "setting_hardaware/adc.c"
 Parameters:    Size  Location     Type
  channel         2   17[COMRAM] int 
 Auto vars:     Size  Location     Type
  digital         2   21[COMRAM] int 
 Return value:  Size  Location     Type
                  2   17[COMRAM] int 
 Registers used:
		wreg, status,2, status,0
 Tracked objects:
		On entry : 
		On exit  : 
		Unchanged: 
 Data sizes:     COMRAM   BANK0   BANK1   BANK2   BANK3   BANK4   BANK5
      Params:         2       0       0       0       0       0       0
      Locals:         2       0       0       0       0       0       0
      Temps:          2       0       0       0       0       0       0
      Totals:         6       0       0       0       0       0       0
Total ram usage:        6 bytes
 Hardware stack levels used:    1
 Hardware stack levels required when called:    4
 This function calls:
		Nothing
 This function is called by:
		_main
		_motor
 This function uses a non-reentrant model


 *************** function _Lo_ISR *****************
 Defined at:
		line 75 in file "setting_hardaware/uart.c"
 Parameters:    Size  Location     Type
		None
 Auto vars:     Size  Location     Type
		None
 Return value:  Size  Location     Type
                  1    wreg      void 
 Registers used:
		wreg, fsr2l, fsr2h, status,2, status,0, cstack
 Tracked objects:
		On entry : 
		On exit  : 
		Unchanged: 
 Data sizes:     COMRAM   BANK0   BANK1   BANK2   BANK3   BANK4   BANK5
      Params:         0       0       0       0       0       0       0
      Locals:         0       0       0       0       0       0       0
      Temps:          5       0       0       0       0       0       0
      Totals:         5       0       0       0       0       0       0
Total ram usage:        5 bytes
 Hardware stack levels used:    1
 Hardware stack levels required when called:    3
 This function calls:
		_MyusartRead
 This function is called by:
		Interrupt level 1
 This function uses a non-reentrant model


 *************** function _MyusartRead *****************
 Defined at:
		line 61 in file "setting_hardaware/uart.c"
 Parameters:    Size  Location     Type
		None
 Auto vars:     Size  Location     Type
		None
 Return value:  Size  Location     Type
                  1    wreg      void 
 Registers used:
		wreg, fsr2l, fsr2h, status,2, status,0, cstack
 Tracked objects:
		On entry : 
		On exit  : 
		Unchanged: 
 Data sizes:     COMRAM   BANK0   BANK1   BANK2   BANK3   BANK4   BANK5
      Params:         0       0       0       0       0       0       0
      Locals:         0       0       0       0       0       0       0
      Temps:          0       0       0       0       0       0       0
      Totals:         0       0       0       0       0       0       0
Total ram usage:        0 bytes
 Hardware stack levels used:    1
 Hardware stack levels required when called:    2
 This function calls:
		_UART_Write
		i1___awmod
 This function is called by:
		_Lo_ISR
 This function uses a non-reentrant model


 *************** function i1___awmod *****************
 Defined at:
		line 7 in file "C:\Program Files\Microchip\xc8\v2.30\pic\sources\c99\common\awmod.c"
 Parameters:    Size  Location     Type
  dividend        2    6[COMRAM] int 
  divisor         2    8[COMRAM] int 
 Auto vars:     Size  Location     Type
  sign            1   11[COMRAM] unsigned char 
  counter         1   10[COMRAM] unsigned char 
 Return value:  Size  Location     Type
                  2    6[COMRAM] int 
 Registers used:
		wreg, status,2, status,0
 Tracked objects:
		On entry : 
		On exit  : 
		Unchanged: 
 Data sizes:     COMRAM   BANK0   BANK1   BANK2   BANK3   BANK4   BANK5
      Params:         4       0       0       0       0       0       0
      Locals:         2       0       0       0       0       0       0
      Temps:          0       0       0       0       0       0       0
      Totals:         6       0       0       0       0       0       0
Total ram usage:        6 bytes
 Hardware stack levels used:    1
 Hardware stack levels required when called:    1
 This function calls:
		Nothing
 This function is called by:
		_MyusartRead
 This function uses a non-reentrant model


 *************** function _UART_Write *****************
 Defined at:
		line 40 in file "setting_hardaware/uart.c"
 Parameters:    Size  Location     Type
  data            1    wreg     unsigned char 
 Auto vars:     Size  Location     Type
  data            1    6[COMRAM] unsigned char 
 Return value:  Size  Location     Type
                  1    wreg      void 
 Registers used:
		wreg
 Tracked objects:
		On entry : 
		On exit  : 
		Unchanged: 
 Data sizes:     COMRAM   BANK0   BANK1   BANK2   BANK3   BANK4   BANK5
      Params:         0       0       0       0       0       0       0
      Locals:         1       0       0       0       0       0       0
      Temps:          0       0       0       0       0       0       0
      Totals:         1       0       0       0       0       0       0
Total ram usage:        1 bytes
 Hardware stack levels used:    1
 Hardware stack levels required when called:    1
 This function calls:
		Nothing
 This function is called by:
		_MyusartRead
		_UART_Write_Text
 This function uses a non-reentrant model


 *************** function _my_isr_routine *****************
 Defined at:
		line 21 in file "main.c"
 Parameters:    Size  Location     Type
		None
 Auto vars:     Size  Location     Type
  i               2    4[COMRAM] int 
  counter         2    2[COMRAM] int 
 Return value:  Size  Location     Type
                  1    wreg      void 
 Registers used:
		wreg, status,2, status,0
 Tracked objects:
		On entry : 
		On exit  : 
		Unchanged: 
 Data sizes:     COMRAM   BANK0   BANK1   BANK2   BANK3   BANK4   BANK5
      Params:         0       0       0       0       0       0       0
      Locals:         4       0       0       0       0       0       0
      Temps:          2       0       0       0       0       0       0
      Totals:         6       0       0       0       0       0       0
Total ram usage:        6 bytes
 Hardware stack levels used:    1
 This function calls:
		Nothing
 This function is called by:
		Interrupt level 2
 This function uses a non-reentrant model



MODULE INFORMATION

Module		Function		Class		Link	Load	Size
C:\Program Files\Microchip\xc8\v2.30\pic\sources\c99\common\sprcmul.c
		___flmul       		CODE           	4B16	0000	1066

C:\Program Files\Microchip\xc8\v2.30\pic\sources\c99\common\sprcmul.c estimated size: 1066

C:\Program Files\Microchip\xc8\v2.30\pic\sources\c99\common\sprcdiv.c
		___fldiv       		CODE           	4F40	0000	924

C:\Program Files\Microchip\xc8\v2.30\pic\sources\c99\common\sprcdiv.c estimated size: 924

C:\Program Files\Microchip\xc8\v2.30\pic\sources\c99\common\__fpclassifyf.c
		___fpclassifyf 		CODE           	6030	0000	254

C:\Program Files\Microchip\xc8\v2.30\pic\sources\c99\common\__fpclassifyf.c estimated size: 254

setting_hardaware/interrupt_manager.c
		_INTERRUPT_Initialize		CODE           	6CB4	0000	8

setting_hardaware/interrupt_manager.c estimated size: 8

C:\Program Files\Microchip\xc8\v2.30\pic\sources\c99\common\awmod.c
		___awmod       		CODE           	6546	0000	176

C:\Program Files\Microchip\xc8\v2.30\pic\sources\c99\common\awmod.c estimated size: 176

C:\Program Files\Microchip\xc8\v2.30\pic\sources\c99\common\doprnt.c
		_vfpfcnvrt     		CODE           	46AA	0000	1132
		_efgtoa        		CODE           	30A8	0000	3200
		_pad           		CODE           	6484	0000	194
		_vfprintf      		CODE           	6750	0000	106

C:\Program Files\Microchip\xc8\v2.30\pic\sources\c99\common\doprnt.c estimated size: 4632

C:\Program Files\Microchip\xc8\v2.30\pic\sources\c99\common\atoi.c
		_atoi          		CODE           	5C94	0000	400

C:\Program Files\Microchip\xc8\v2.30\pic\sources\c99\common\atoi.c estimated size: 400

C:\Program Files\Microchip\xc8\v2.30\pic\sources\c99\common\scalbnf.c
		_scalbnf       		CODE           	52DC	0000	564

C:\Program Files\Microchip\xc8\v2.30\pic\sources\c99\common\scalbnf.c estimated size: 564

C:\Program Files\Microchip\xc8\v2.30\pic\sources\c99\common\fleq.c
		___fleq        		CODE           	66A6	0000	170

C:\Program Files\Microchip\xc8\v2.30\pic\sources\c99\common\fleq.c estimated size: 170

C:\Program Files\Microchip\xc8\v2.30\pic\sources\c99\common\putch.c
		_putch         		CODE           	6CBC	0000	2

C:\Program Files\Microchip\xc8\v2.30\pic\sources\c99\common\putch.c estimated size: 2

C:\Program Files\Microchip\xc8\v2.30\pic\sources\c99\common\isdigit.c
		_isdigit       		CODE           	6AB4	0000	56

C:\Program Files\Microchip\xc8\v2.30\pic\sources\c99\common\isdigit.c estimated size: 56

C:\Program Files\Microchip\xc8\v2.30\pic\sources\c99\common\nf_fputs.c
		_fputs         		CODE           	69B2	0000	68

C:\Program Files\Microchip\xc8\v2.30\pic\sources\c99\common\nf_fputs.c estimated size: 68

C:\Program Files\Microchip\xc8\v2.30\pic\sources\c99\common\Umul16.c
		___wmul        		CODE           	6BF6	0000	38

C:\Program Files\Microchip\xc8\v2.30\pic\sources\c99\common\Umul16.c estimated size: 38

setting_hardaware/uart.c
		_Lo_ISR        		CODE           	0018	0000	84
		_MyusartRead   		CODE           	69F6	0000	68
		_GetString     		CODE           	6CA2	0000	10
		_ClearBuffer   		CODE           	6A3A	0000	66
		_UART_Initialize		CODE           	6C3E	0000	34
		_UART_Write    		CODE           	6C8C	0000	22

setting_hardaware/uart.c estimated size: 284

C:\Program Files\Microchip\xc8\v2.30\pic\sources\c99\common\powf.c
		_powf          		CODE           	069A	0000	10766

C:\Program Files\Microchip\xc8\v2.30\pic\sources\c99\common\powf.c estimated size: 10766

C:\Program Files\Microchip\xc8\v2.30\pic\sources\c99\common\sprcadd.c
		___flsub       		CODE           	696C	0000	70
		___fladd       		CODE           	41EA	0000	1216

C:\Program Files\Microchip\xc8\v2.30\pic\sources\c99\common\sprcadd.c estimated size: 1286

setting_hardaware/ccp1.c
		_CCP1_Initialize		CODE           	6CBE	0000	2

setting_hardaware/ccp1.c estimated size: 2

setting_hardaware/adc.c
		_ADC_Initialize		CODE           	6C76	0000	22
		_ADC_Read      		CODE           	6B5A	0000	54

setting_hardaware/adc.c estimated size: 76

C:\Program Files\Microchip\xc8\v2.30\pic\sources\c99\common\sqrtf.c
		_sqrtf         		CODE           	3D28	0000	1218

C:\Program Files\Microchip\xc8\v2.30\pic\sources\c99\common\sqrtf.c estimated size: 1218

C:\Program Files\Microchip\xc8\v2.30\pic\sources\c99\common\awdiv.c
		___awdiv       		CODE           	63C0	0000	196

C:\Program Files\Microchip\xc8\v2.30\pic\sources\c99\common\awdiv.c estimated size: 196

C:\Program Files\Microchip\xc8\v2.30\pic\sources\c99\common\fltol.c
		___fltol       		CODE           	5E24	0000	264

C:\Program Files\Microchip\xc8\v2.30\pic\sources\c99\common\fltol.c estimated size: 264

C:\Program Files\Microchip\xc8\v2.30\pic\sources\c99\common\isupper.c
		_isupper       		CODE           	6A7C	0000	56

C:\Program Files\Microchip\xc8\v2.30\pic\sources\c99\common\isupper.c estimated size: 56

C:\Program Files\Microchip\xc8\v2.30\pic\sources\c99\common\xxtofl.c
		___xxtofl      		CODE           	5AE0	0000	436

C:\Program Files\Microchip\xc8\v2.30\pic\sources\c99\common\xxtofl.c estimated size: 436

shared
		_L5            		SMALLCONST     	0000	0000	0
		_P3            		SMALLCONST     	0000	0000	0
		_L6            		SMALLCONST     	0000	0000	0
		_P4            		SMALLCONST     	0000	0000	0
		_P5            		SMALLCONST     	0000	0000	0
		_lg2_l         		SMALLCONST     	0000	0000	0
		_ivln2_l       		SMALLCONST     	0000	0000	0
		_ivln2         		SMALLCONST     	0000	0000	0
		__initialization		CODE           	6BC4	0000	36
		_bp            		SMALLCONST     	0669	0000	8
		_cp            		SMALLCONST     	0000	0000	0
		i1___awmod     		CODE           	65F6	0000	176
		_cp_h          		SMALLCONST     	0000	0000	0
		_dp_h          		SMALLCONST     	0609	0000	8
		_tiny@sqrtf$F1715		SMALLCONST     	0000	0000	0
		_lg2           		SMALLCONST     	0000	0000	0
		_lg2_h         		SMALLCONST     	0000	0000	0
		_ivln2_h       		SMALLCONST     	0000	0000	0
		_tiny          		SMALLCONST     	0000	0000	0
		_ovt           		SMALLCONST     	0000	0000	0
		_huge          		SMALLCONST     	0000	0000	0
		_two24         		SMALLCONST     	0000	0000	0
		_cp_l          		SMALLCONST     	0000	0000	0
		_dp_l          		SMALLCONST     	0601	0000	8
		_L1            		SMALLCONST     	0000	0000	0
		_L2            		SMALLCONST     	0000	0000	0
		_L3            		SMALLCONST     	0000	0000	0
		_P1            		SMALLCONST     	0000	0000	0
		_L4            		SMALLCONST     	0000	0000	0
		_P2            		SMALLCONST     	0000	0000	0

shared estimated size: 236

C:\Program Files\Microchip\xc8\v2.30\pic\sources\c99\common\nf_fputc.c
		_fputc         		CODE           	62F6	0000	202

C:\Program Files\Microchip\xc8\v2.30\pic\sources\c99\common\nf_fputc.c estimated size: 202

C:\Program Files\Microchip\xc8\v2.30\pic\sources\c99\common\flge.c
		___flge        		CODE           	5F2C	0000	260

C:\Program Files\Microchip\xc8\v2.30\pic\sources\c99\common\flge.c estimated size: 260

C:\Program Files\Microchip\xc8\v2.30\pic\sources\c99\common\strlen.c
		_strlen        		CODE           	6B24	0000	54

C:\Program Files\Microchip\xc8\v2.30\pic\sources\c99\common\strlen.c estimated size: 54

C:\Program Files\Microchip\xc8\v2.30\pic\sources\c99\common\floorf.c
		_floorf        		CODE           	5510	0000	534

C:\Program Files\Microchip\xc8\v2.30\pic\sources\c99\common\floorf.c estimated size: 534

C:\Program Files\Microchip\xc8\v2.30\pic\sources\c99\common\strcpy.c
		_strcpy        		CODE           	681A	0000	92

C:\Program Files\Microchip\xc8\v2.30\pic\sources\c99\common\strcpy.c estimated size: 92

setting_hardaware/setting.c
		_OSCILLATOR_Initialize		CODE           	6CAC	0000	8
		_SYSTEM_Initialize		CODE           	6C60	0000	22

setting_hardaware/setting.c estimated size: 30

C:\Program Files\Microchip\xc8\v2.30\pic\sources\c99\common\nf_sprintf.c
		_sprintf       		CODE           	6876	0000	90

C:\Program Files\Microchip\xc8\v2.30\pic\sources\c99\common\nf_sprintf.c estimated size: 90

C:\Program Files\Microchip\xc8\v2.30\pic\sources\c99\common\flneg.c
		___flneg       		CODE           	6AEC	0000	56

C:\Program Files\Microchip\xc8\v2.30\pic\sources\c99\common\flneg.c estimated size: 56

C:\Program Files\Microchip\xc8\v2.30\pic\sources\c99\common\fabsf.c
		_fabsf         		CODE           	6B90	0000	52

C:\Program Files\Microchip\xc8\v2.30\pic\sources\c99\common\fabsf.c estimated size: 52

C:\Program Files\Microchip\xc8\v2.30\pic\sources\c99\common\isspace.c
		_isspace       		CODE           	68D0	0000	82

C:\Program Files\Microchip\xc8\v2.30\pic\sources\c99\common\isspace.c estimated size: 82

main.c
		_delay         		CODE           	6922	0000	74
		_main          		CODE           	5726	0000	492
		_my_isr_routine		CODE           	0008	0000	248
		_set_time      		CODE           	5912	0000	462

main.c estimated size: 1276

C:\Program Files\Microchip\xc8\v2.30\pic\sources\c99\common\nanf.c
		_nanf          		CODE           	6C1C	0000	34

C:\Program Files\Microchip\xc8\v2.30\pic\sources\c99\common\nanf.c estimated size: 34

C:\Program Files\Microchip\xc8\v2.30\pic\sources\c99\common\strncmp.c
		_strncmp       		CODE           	6220	0000	214

C:\Program Files\Microchip\xc8\v2.30\pic\sources\c99\common\strncmp.c estimated size: 214

C:\Program Files\Microchip\xc8\v2.30\pic\sources\c99\common\tolower.c
		_tolower       		CODE           	67BA	0000	96

C:\Program Files\Microchip\xc8\v2.30\pic\sources\c99\common\tolower.c estimated size: 96

